2026-05-19 12:31:47,070 INFO Assessment Started
2026-05-19 12:33:23,060 INFO Assessment Started
2026-05-19 12:33:23,525 INFO Assessment Completed
2026-05-19 12:35:54,467 INFO Assessment Started
2026-05-19 12:35:54,938 INFO Assessment Completed
2026-05-19 12:39:51,633 INFO Assessment Started
2026-05-19 12:39:52,133 INFO Assessment Completed
2026-05-19 12:42:56,203 INFO Assessment Started
2026-05-19 12:42:56,685 INFO Assessment Completed
2026-05-19 12:45:43,406 INFO Assessment Started
2026-05-19 12:45:43,927 INFO Assessment Completed
2026-05-19 13:06:48,416 INFO Assessment Started
2026-05-19 13:06:48,878 INFO Assessment Completed
2026-05-19 13:08:52,543 INFO Assessment Started
2026-05-19 13:08:53,044 INFO Assessment Completed
2026-05-19 13:12:35,115 INFO Assessment Started
2026-05-19 13:12:35,581 INFO Assessment Completed
2026-05-19 13:12:43,914 ERROR orders migration failed: [Errno 2] No such file or directory: 'assessment/outputs/migration_logs/orders.json'
2026-05-19 13:12:44,638 ERROR customer-data migration failed: Execution failed on sql '
    SELECT COUNT(*) as count
    FROM customer-data
    ': (psycopg2.errors.SyntaxError) syntax error at or near "-"
LINE 3:     FROM customer-data
                         ^

[SQL: 
    SELECT COUNT(*) as count
    FROM customer-data
    ]
(Background on this error at: https://sqlalche.me/e/20/f405)
2026-05-19 13:15:15,944 INFO Assessment Started
2026-05-19 13:15:16,427 INFO Assessment Completed
2026-05-19 13:15:24,677 ERROR orders migration failed: [Errno 2] No such file or directory: 'assessment/outputs/migration_logs/orders.json'
2026-05-19 13:15:26,261 ERROR customer-data migration failed: [Errno 2] No such file or directory: 'assessment/outputs/migration_logs/customer-data.json'
2026-05-19 13:19:35,515 ERROR huge_table migration failed: [Errno 2] No such file or directory: 'assessment/outputs/migration_logs/huge_table.json'
2026-05-19 13:19:37,567 ERROR customers migration failed: [Errno 2] No such file or directory: 'assessment/outputs/migration_logs/customers.json'
2026-05-19 13:27:25,941 INFO Migration Accelerator Started
2026-05-19 13:27:26,465 INFO Assessment Completed - Score: 40
2026-05-19 13:27:35,571 ERROR orders migration failed: [Errno 2] No such file or directory: 'assessment/outputs/migration_logs/orders.json'
2026-05-19 13:28:38,601 INFO Migration Accelerator Started
2026-05-19 13:29:21,972 INFO Migration Accelerator Started
2026-05-19 13:29:38,431 INFO Migration Accelerator Started
2026-05-19 13:29:38,882 INFO Assessment Completed - Score: 40
2026-05-19 13:29:47,458 INFO orders migration completed
2026-05-19 13:29:49,884 INFO customer-data migration completed
2026-05-19 13:43:37,266 INFO huge_table migration completed
2026-05-19 13:43:39,768 INFO customers migration completed
2026-05-19 13:43:39,768 INFO Migration Accelerator Completed
